[INFO] Scanning for projects...
[INFO] 
[INFO] ---------------------------< com.ian:hrisp >----------------------------
[INFO] Building hrisp 0.0.1-SNAPSHOT
[INFO] --------------------------------[ war ]---------------------------------
[INFO] 
[INFO] --- maven-clean-plugin:3.1.0:clean (default-clean) @ hrisp ---
[INFO] Deleting D:\projects\cdsi-projects\hrisp-web\target
[INFO] 
[INFO] --- maven-resources-plugin:3.1.0:resources (default-resources) @ hrisp ---
[INFO] Using 'UTF-8' encoding to copy filtered resources.
[INFO] Copying 3 resources
[INFO] Copying 2758 resources
[INFO] 
[INFO] --- maven-compiler-plugin:3.8.1:compile (default-compile) @ hrisp ---
[INFO] Changes detected - recompiling the module!
[INFO] Compiling 144 source files to D:\projects\cdsi-projects\hrisp-web\target\classes
[INFO] /D:/projects/cdsi-projects/hrisp-web/src/main/java/com/ian/web/config/security/SecurityConfig.java: D:\projects\cdsi-projects\hrisp-web\src\main\java\com\ian\web\config\security\SecurityConfig.java uses or overrides a deprecated API.
[INFO] /D:/projects/cdsi-projects/hrisp-web/src/main/java/com/ian/web/config/security/SecurityConfig.java: Recompile with -Xlint:deprecation for details.
[INFO] -------------------------------------------------------------
[ERROR] COMPILATION ERROR : 
[INFO] -------------------------------------------------------------
[ERROR] /D:/projects/cdsi-projects/hrisp-web/src/main/java/com/ian/web/employee/Employee.java:[48,8] com.ian.web.employee.Employee is not abstract and does not override abstract method getUsername() in org.springframework.security.core.userdetails.UserDetails
[ERROR] /D:/projects/cdsi-projects/hrisp-web/src/main/java/com/ian/web/systemsettings/scholarship/ScholarshipController.java:[42,57] constructor UXMessage in class com.ian.web.common.model.UXMessage cannot be applied to given types;
  required: no arguments
  found: java.lang.String,java.lang.String
  reason: actual and formal argument lists differ in length
[ERROR] /D:/projects/cdsi-projects/hrisp-web/src/main/java/com/ian/web/systemsettings/scholarship/ScholarshipController.java:[45,51] cannot find symbol
  symbol:   method getScholarshipName()
  location: variable scholarship of type @javax.validation.Valid com.ian.web.systemsettings.scholarship.Scholarship
[ERROR] /D:/projects/cdsi-projects/hrisp-web/src/main/java/com/ian/web/systemsettings/scholarship/ScholarshipController.java:[48,57] constructor UXMessage in class com.ian.web.common.model.UXMessage cannot be applied to given types;
  required: no arguments
  found: java.lang.String,java.lang.String
  reason: actual and formal argument lists differ in length
[ERROR] /D:/projects/cdsi-projects/hrisp-web/src/main/java/com/ian/web/employee/appointment/AppointmentController.java:[41,28] cannot find symbol
  symbol:   method setCode(java.lang.String)
  location: variable msg of type com.ian.web.common.model.UXMessage
[ERROR] /D:/projects/cdsi-projects/hrisp-web/src/main/java/com/ian/web/employee/appointment/AppointmentController.java:[42,28] cannot find symbol
  symbol:   method setMessage(java.lang.String)
  location: variable msg of type com.ian.web.common.model.UXMessage
[ERROR] /D:/projects/cdsi-projects/hrisp-web/src/main/java/com/ian/web/employee/appointment/AppointmentController.java:[51,28] cannot find symbol
  symbol:   method setEmployee(com.ian.web.employee.Employee)
  location: variable appointment of type com.ian.web.employee.appointment.Appointment
[ERROR] /D:/projects/cdsi-projects/hrisp-web/src/main/java/com/ian/web/fileupload/StorageController.java:[35,9] cannot find symbol
  symbol:   variable log
  location: class com.ian.web.fileupload.StorageController
[ERROR] /D:/projects/cdsi-projects/hrisp-web/src/main/java/com/ian/web/fileupload/StorageController.java:[40,49] cannot find symbol
  symbol:   method getId()
  location: variable employee of type com.ian.web.employee.Employee
[ERROR] /D:/projects/cdsi-projects/hrisp-web/src/main/java/com/ian/web/fileupload/StorageController.java:[42,41] cannot find symbol
  symbol:   method getDownloadUri()
  location: variable fileDTO of type com.ian.web.fileupload.FileDTO
[ERROR] /D:/projects/cdsi-projects/hrisp-web/src/main/java/com/ian/web/fileupload/StorageService.java:[24,9] cannot find symbol
  symbol:   variable log
  location: class com.ian.web.fileupload.StorageService
[ERROR] /D:/projects/cdsi-projects/hrisp-web/src/main/java/com/ian/web/fileupload/StorageService.java:[25,9] cannot find symbol
  symbol:   variable log
  location: class com.ian.web.fileupload.StorageService
[ERROR] /D:/projects/cdsi-projects/hrisp-web/src/main/java/com/ian/web/fileupload/StorageService.java:[27,16] constructor FileDTO in class com.ian.web.fileupload.FileDTO cannot be applied to given types;
  required: no arguments
  found: java.lang.String,java.lang.String,java.lang.String,long
  reason: actual and formal argument lists differ in length
[ERROR] /D:/projects/cdsi-projects/hrisp-web/src/main/java/com/ian/web/fileupload/StorageService.java:[37,9] cannot find symbol
  symbol:   variable log
  location: class com.ian.web.fileupload.StorageService
[ERROR] /D:/projects/cdsi-projects/hrisp-web/src/main/java/com/ian/web/fileupload/StorageService.java:[38,9] cannot find symbol
  symbol:   variable log
  location: class com.ian.web.fileupload.StorageService
[ERROR] /D:/projects/cdsi-projects/hrisp-web/src/main/java/com/ian/web/fileupload/StorageService.java:[40,16] constructor FileDTO in class com.ian.web.fileupload.FileDTO cannot be applied to given types;
  required: no arguments
  found: java.lang.String,java.lang.String,java.lang.String,long
  reason: actual and formal argument lists differ in length
[ERROR] /D:/projects/cdsi-projects/hrisp-web/src/main/java/com/ian/web/fileupload/StorageFactory.java:[26,9] cannot find symbol
  symbol:   variable log
  location: class com.ian.web.fileupload.StorageFactory
[ERROR] /D:/projects/cdsi-projects/hrisp-web/src/main/java/com/ian/web/fileupload/FileStorageStrategy.java:[42,17] cannot find symbol
  symbol:   variable log
  location: class com.ian.web.fileupload.FileStorageStrategy
[ERROR] /D:/projects/cdsi-projects/hrisp-web/src/main/java/com/ian/web/fileupload/FileStorageStrategy.java:[65,17] cannot find symbol
  symbol:   variable log
  location: class com.ian.web.fileupload.FileStorageStrategy
[ERROR] /D:/projects/cdsi-projects/hrisp-web/src/main/java/com/ian/web/fileupload/FileStorageStrategy.java:[92,9] cannot find symbol
  symbol:   variable log
  location: class com.ian.web.fileupload.FileStorageStrategy
[ERROR] /D:/projects/cdsi-projects/hrisp-web/src/main/java/com/ian/web/fileupload/FileStorageStrategy.java:[105,13] cannot find symbol
  symbol:   variable log
  location: class com.ian.web.fileupload.FileStorageStrategy
[ERROR] /D:/projects/cdsi-projects/hrisp-web/src/main/java/com/ian/web/employee/govermentid/GovermentIssuedIdController.java:[64,36] cannot find symbol
  symbol:   method setFamilyBgCount(int)
  location: variable pdsDtoCount of type com.ian.web.employee.PdsCountDto
[ERROR] /D:/projects/cdsi-projects/hrisp-web/src/main/java/com/ian/web/employee/govermentid/GovermentIssuedIdController.java:[65,36] cannot find symbol
  symbol:   method setEducationalBgCount(int)
  location: variable pdsDtoCount of type com.ian.web.employee.PdsCountDto
[ERROR] /D:/projects/cdsi-projects/hrisp-web/src/main/java/com/ian/web/employee/govermentid/GovermentIssuedIdController.java:[66,36] cannot find symbol
  symbol:   method setEligibilityCount(int)
  location: variable pdsDtoCount of type com.ian.web.employee.PdsCountDto
[ERROR] /D:/projects/cdsi-projects/hrisp-web/src/main/java/com/ian/web/employee/govermentid/GovermentIssuedIdController.java:[67,36] cannot find symbol
  symbol:   method setWorkExperienceCount(int)
  location: variable pdsDtoCount of type com.ian.web.employee.PdsCountDto
[ERROR] /D:/projects/cdsi-projects/hrisp-web/src/main/java/com/ian/web/employee/govermentid/GovermentIssuedIdController.java:[68,36] cannot find symbol
  symbol:   method setVoluntaryWorkCount(int)
  location: variable pdsDtoCount of type com.ian.web.employee.PdsCountDto
[ERROR] /D:/projects/cdsi-projects/hrisp-web/src/main/java/com/ian/web/employee/govermentid/GovermentIssuedIdController.java:[69,36] cannot find symbol
  symbol:   method setLearningDevCount(int)
  location: variable pdsDtoCount of type com.ian.web.employee.PdsCountDto
[ERROR] /D:/projects/cdsi-projects/hrisp-web/src/main/java/com/ian/web/employee/govermentid/GovermentIssuedIdController.java:[70,36] cannot find symbol
  symbol:   method setOtherInfoCount(int)
  location: variable pdsDtoCount of type com.ian.web.employee.PdsCountDto
[ERROR] /D:/projects/cdsi-projects/hrisp-web/src/main/java/com/ian/web/employee/govermentid/GovermentIssuedIdController.java:[71,36] cannot find symbol
  symbol:   method setOtherInfoQuestionsCount(int)
  location: variable pdsDtoCount of type com.ian.web.employee.PdsCountDto
[ERROR] /D:/projects/cdsi-projects/hrisp-web/src/main/java/com/ian/web/employee/govermentid/GovermentIssuedIdController.java:[72,36] cannot find symbol
  symbol:   method setReferencesCount(int)
  location: variable pdsDtoCount of type com.ian.web.employee.PdsCountDto
[ERROR] /D:/projects/cdsi-projects/hrisp-web/src/main/java/com/ian/web/employee/govermentid/GovermentIssuedIdController.java:[73,36] cannot find symbol
  symbol:   method setGovIdCount(int)
  location: variable pdsDtoCount of type com.ian.web.employee.PdsCountDto
[ERROR] /D:/projects/cdsi-projects/hrisp-web/src/main/java/com/ian/web/employee/govermentid/GovermentIssuedIdController.java:[75,33] cannot find symbol
  symbol:   method setPdsCountDto(com.ian.web.employee.PdsCountDto)
  location: variable employee of type com.ian.web.employee.Employee
[ERROR] /D:/projects/cdsi-projects/hrisp-web/src/main/java/com/ian/web/employee/govermentid/GovermentIssuedIdController.java:[76,33] cannot find symbol
  symbol:   method setShowMode(java.lang.String)
  location: variable employee of type com.ian.web.employee.Employee
[ERROR] /D:/projects/cdsi-projects/hrisp-web/src/main/java/com/ian/web/employee/govermentid/GovermentIssuedIdController.java:[84,42] cannot find symbol
  symbol:   method setEmployee(com.ian.web.employee.Employee)
  location: variable govermentIssuedId of type com.ian.web.employee.govermentid.GovermentIssuedId
[ERROR] /D:/projects/cdsi-projects/hrisp-web/src/main/java/com/ian/web/employee/govermentid/GovermentIssuedIdController.java:[85,42] cannot find symbol
  symbol:   method setShowMode(java.lang.String)
  location: variable govermentIssuedId of type com.ian.web.employee.govermentid.GovermentIssuedId
[ERROR] /D:/projects/cdsi-projects/hrisp-web/src/main/java/com/ian/web/employee/govermentid/GovermentIssuedIdController.java:[89,28] cannot find symbol
  symbol:   method setCode(java.lang.String)
  location: variable msg of type com.ian.web.common.model.UXMessage
[ERROR] /D:/projects/cdsi-projects/hrisp-web/src/main/java/com/ian/web/employee/govermentid/GovermentIssuedIdController.java:[90,28] cannot find symbol
  symbol:   method setMessage(java.lang.String)
  location: variable msg of type com.ian.web.common.model.UXMessage
[ERROR] /D:/projects/cdsi-projects/hrisp-web/src/main/java/com/ian/web/employee/govermentid/GovermentIssuedIdController.java:[109,51] constructor UXMessage in class com.ian.web.common.model.UXMessage cannot be applied to given types;
  required: no arguments
  found: java.lang.String,java.lang.String
  reason: actual and formal argument lists differ in length
[ERROR] /D:/projects/cdsi-projects/hrisp-web/src/main/java/com/ian/web/employee/govermentid/GovermentIssuedIdController.java:[110,126] cannot find symbol
  symbol:   method getEmployee()
  location: variable govermentIssuedId of type @javax.validation.Valid com.ian.web.employee.govermentid.GovermentIssuedId
[ERROR] /D:/projects/cdsi-projects/hrisp-web/src/main/java/com/ian/web/employee/govermentid/GovermentIssuedIdController.java:[114,52] cannot find symbol
  symbol:   method getShowMode()
  location: variable govermentIssuedId of type @javax.validation.Valid com.ian.web.employee.govermentid.GovermentIssuedId
[ERROR] /D:/projects/cdsi-projects/hrisp-web/src/main/java/com/ian/web/employee/govermentid/GovermentIssuedIdController.java:[117,51] constructor UXMessage in class com.ian.web.common.model.UXMessage cannot be applied to given types;
  required: no arguments
  found: java.lang.String,java.lang.String
  reason: actual and formal argument lists differ in length
[ERROR] /D:/projects/cdsi-projects/hrisp-web/src/main/java/com/ian/web/employee/govermentid/GovermentIssuedIdController.java:[118,77] cannot find symbol
  symbol:   method getEmployee()
  location: variable govermentIssuedId of type @javax.validation.Valid com.ian.web.employee.govermentid.GovermentIssuedId
[ERROR] /D:/projects/cdsi-projects/hrisp-web/src/main/java/com/ian/web/employee/govermentid/GovermentIssuedIdController.java:[118,134] cannot find symbol
  symbol:   method getEmployee()
  location: variable govermentIssuedId of type @javax.validation.Valid com.ian.web.employee.govermentid.GovermentIssuedId
[ERROR] /D:/projects/cdsi-projects/hrisp-web/src/main/java/com/ian/web/systemsettings/degree_courses/DegreeCoursesController.java:[46,57] constructor UXMessage in class com.ian.web.common.model.UXMessage cannot be applied to given types;
  required: no arguments
  found: java.lang.String,java.lang.String
  reason: actual and formal argument lists differ in length
[ERROR] /D:/projects/cdsi-projects/hrisp-web/src/main/java/com/ian/web/systemsettings/degree_courses/DegreeCoursesController.java:[50,49] cannot find symbol
  symbol:   method getId()
  location: variable degreeCourses of type @javax.validation.Valid com.ian.web.systemsettings.degree_courses.DegreeCourses
[ERROR] /D:/projects/cdsi-projects/hrisp-web/src/main/java/com/ian/web/systemsettings/degree_courses/DegreeCoursesController.java:[51,106] cannot find symbol
  symbol:   method getId()
  location: variable degreeCourses of type @javax.validation.Valid com.ian.web.systemsettings.degree_courses.DegreeCourses
[ERROR] /D:/projects/cdsi-projects/hrisp-web/src/main/java/com/ian/web/systemsettings/degree_courses/DegreeCoursesController.java:[52,70] cannot find symbol
  symbol:   method isLawDegree()
  location: variable degreeCoursesModel of type com.ian.web.systemsettings.degree_courses.DegreeCourses
[ERROR] /D:/projects/cdsi-projects/hrisp-web/src/main/java/com/ian/web/systemsettings/degree_courses/DegreeCoursesController.java:[53,67] cannot find symbol
  symbol:   method isActive()
  location: variable degreeCoursesModel of type com.ian.web.systemsettings.degree_courses.DegreeCourses
[ERROR] /D:/projects/cdsi-projects/hrisp-web/src/main/java/com/ian/web/systemsettings/degree_courses/DegreeCoursesController.java:[55,64] cannot find symbol
  symbol:   method getDegreeCourseName()
  location: variable degreeCourses of type @javax.validation.Valid com.ian.web.systemsettings.degree_courses.DegreeCourses
[ERROR] /D:/projects/cdsi-projects/hrisp-web/src/main/java/com/ian/web/systemsettings/degree_courses/DegreeCoursesController.java:[56,60] cannot find symbol
  symbol:   method getAbbreviation()
  location: variable degreeCourses of type @javax.validation.Valid com.ian.web.systemsettings.degree_courses.DegreeCourses
[ERROR] /D:/projects/cdsi-projects/hrisp-web/src/main/java/com/ian/web/systemsettings/degree_courses/DegreeCoursesController.java:[59,57] constructor UXMessage in class com.ian.web.common.model.UXMessage cannot be applied to given types;
  required: no arguments
  found: java.lang.String,java.lang.String
  reason: actual and formal argument lists differ in length
[ERROR] /D:/projects/cdsi-projects/hrisp-web/src/main/java/com/ian/web/systemsettings/degree_courses/DegreeCoursesController.java:[68,63] cannot find symbol
  symbol:   method isActive()
  location: variable degreeCourses of type com.ian.web.systemsettings.degree_courses.DegreeCourses
[ERROR] /D:/projects/cdsi-projects/hrisp-web/src/main/java/com/ian/web/systemsettings/degree_courses/DegreeCoursesController.java:[69,65] cannot find symbol
  symbol:   method isLawDegree()
  location: variable degreeCourses of type com.ian.web.systemsettings.degree_courses.DegreeCourses
[ERROR] /D:/projects/cdsi-projects/hrisp-web/src/main/java/com/ian/web/systemsettings/degree_courses/DegreeCoursesController.java:[72,57] constructor UXMessage in class com.ian.web.common.model.UXMessage cannot be applied to given types;
  required: no arguments
  found: java.lang.String,java.lang.String
  reason: actual and formal argument lists differ in length
[ERROR] /D:/projects/cdsi-projects/hrisp-web/src/main/java/com/ian/web/employee/voluntary_workexperience/VoluntaryWorkController.java:[62,36] cannot find symbol
  symbol:   method setFamilyBgCount(int)
  location: variable pdsDtoCount of type com.ian.web.employee.PdsCountDto
[ERROR] /D:/projects/cdsi-projects/hrisp-web/src/main/java/com/ian/web/employee/voluntary_workexperience/VoluntaryWorkController.java:[63,36] cannot find symbol
  symbol:   method setEducationalBgCount(int)
  location: variable pdsDtoCount of type com.ian.web.employee.PdsCountDto
[ERROR] /D:/projects/cdsi-projects/hrisp-web/src/main/java/com/ian/web/employee/voluntary_workexperience/VoluntaryWorkController.java:[64,36] cannot find symbol
  symbol:   method setEligibilityCount(int)
  location: variable pdsDtoCount of type com.ian.web.employee.PdsCountDto
[ERROR] /D:/projects/cdsi-projects/hrisp-web/src/main/java/com/ian/web/employee/voluntary_workexperience/VoluntaryWorkController.java:[65,36] cannot find symbol
  symbol:   method setWorkExperienceCount(int)
  location: variable pdsDtoCount of type com.ian.web.employee.PdsCountDto
[ERROR] /D:/projects/cdsi-projects/hrisp-web/src/main/java/com/ian/web/employee/voluntary_workexperience/VoluntaryWorkController.java:[66,36] cannot find symbol
  symbol:   method setVoluntaryWorkCount(int)
  location: variable pdsDtoCount of type com.ian.web.employee.PdsCountDto
[ERROR] /D:/projects/cdsi-projects/hrisp-web/src/main/java/com/ian/web/employee/voluntary_workexperience/VoluntaryWorkController.java:[67,36] cannot find symbol
  symbol:   method setLearningDevCount(int)
  location: variable pdsDtoCount of type com.ian.web.employee.PdsCountDto
[ERROR] /D:/projects/cdsi-projects/hrisp-web/src/main/java/com/ian/web/employee/voluntary_workexperience/VoluntaryWorkController.java:[68,36] cannot find symbol
  symbol:   method setOtherInfoCount(int)
  location: variable pdsDtoCount of type com.ian.web.employee.PdsCountDto
[ERROR] /D:/projects/cdsi-projects/hrisp-web/src/main/java/com/ian/web/employee/voluntary_workexperience/VoluntaryWorkController.java:[69,36] cannot find symbol
  symbol:   method setOtherInfoQuestionsCount(int)
  location: variable pdsDtoCount of type com.ian.web.employee.PdsCountDto
[ERROR] /D:/projects/cdsi-projects/hrisp-web/src/main/java/com/ian/web/employee/voluntary_workexperience/VoluntaryWorkController.java:[70,36] cannot find symbol
  symbol:   method setReferencesCount(int)
  location: variable pdsDtoCount of type com.ian.web.employee.PdsCountDto
[ERROR] /D:/projects/cdsi-projects/hrisp-web/src/main/java/com/ian/web/employee/voluntary_workexperience/VoluntaryWorkController.java:[71,36] cannot find symbol
  symbol:   method setGovIdCount(int)
  location: variable pdsDtoCount of type com.ian.web.employee.PdsCountDto
[ERROR] /D:/projects/cdsi-projects/hrisp-web/src/main/java/com/ian/web/employee/voluntary_workexperience/VoluntaryWorkController.java:[73,33] cannot find symbol
  symbol:   method setPdsCountDto(com.ian.web.employee.PdsCountDto)
  location: variable employee of type com.ian.web.employee.Employee
[ERROR] /D:/projects/cdsi-projects/hrisp-web/src/main/java/com/ian/web/employee/voluntary_workexperience/VoluntaryWorkController.java:[74,33] cannot find symbol
  symbol:   method setShowMode(java.lang.String)
  location: variable employee of type com.ian.web.employee.Employee
[ERROR] /D:/projects/cdsi-projects/hrisp-web/src/main/java/com/ian/web/employee/voluntary_workexperience/VoluntaryWorkController.java:[82,38] cannot find symbol
  symbol:   method setEmployee(com.ian.web.employee.Employee)
  location: variable voluntaryWork of type com.ian.web.employee.voluntary_workexperience.VoluntaryWork
[ERROR] /D:/projects/cdsi-projects/hrisp-web/src/main/java/com/ian/web/employee/voluntary_workexperience/VoluntaryWorkController.java:[83,38] cannot find symbol
  symbol:   method setShowMode(java.lang.String)
  location: variable voluntaryWork of type com.ian.web.employee.voluntary_workexperience.VoluntaryWork
[ERROR] /D:/projects/cdsi-projects/hrisp-web/src/main/java/com/ian/web/employee/voluntary_workexperience/VoluntaryWorkController.java:[87,28] cannot find symbol
  symbol:   method setCode(java.lang.String)
  location: variable msg of type com.ian.web.common.model.UXMessage
[ERROR] /D:/projects/cdsi-projects/hrisp-web/src/main/java/com/ian/web/employee/voluntary_workexperience/VoluntaryWorkController.java:[88,28] cannot find symbol
  symbol:   method setMessage(java.lang.String)
  location: variable msg of type com.ian.web.common.model.UXMessage
[ERROR] /D:/projects/cdsi-projects/hrisp-web/src/main/java/com/ian/web/employee/voluntary_workexperience/VoluntaryWorkController.java:[106,51] constructor UXMessage in class com.ian.web.common.model.UXMessage cannot be applied to given types;
  required: no arguments
  found: java.lang.String,java.lang.String
  reason: actual and formal argument lists differ in length
[ERROR] /D:/projects/cdsi-projects/hrisp-web/src/main/java/com/ian/web/employee/voluntary_workexperience/VoluntaryWorkController.java:[107,119] cannot find symbol
  symbol:   method getEmployee()
  location: variable voluntaryWork of type @javax.validation.Valid com.ian.web.employee.voluntary_workexperience.VoluntaryWork
[ERROR] /D:/projects/cdsi-projects/hrisp-web/src/main/java/com/ian/web/employee/voluntary_workexperience/VoluntaryWorkController.java:[111,48] cannot find symbol
  symbol:   method getShowMode()
  location: variable voluntaryWork of type @javax.validation.Valid com.ian.web.employee.voluntary_workexperience.VoluntaryWork
[ERROR] /D:/projects/cdsi-projects/hrisp-web/src/main/java/com/ian/web/employee/voluntary_workexperience/VoluntaryWorkController.java:[114,51] constructor UXMessage in class com.ian.web.common.model.UXMessage cannot be applied to given types;
  required: no arguments
  found: java.lang.String,java.lang.String
  reason: actual and formal argument lists differ in length
[ERROR] /D:/projects/cdsi-projects/hrisp-web/src/main/java/com/ian/web/employee/voluntary_workexperience/VoluntaryWorkController.java:[115,74] cannot find symbol
  symbol:   method getEmployee()
  location: variable voluntaryWork of type @javax.validation.Valid com.ian.web.employee.voluntary_workexperience.VoluntaryWork
[ERROR] /D:/projects/cdsi-projects/hrisp-web/src/main/java/com/ian/web/employee/voluntary_workexperience/VoluntaryWorkController.java:[115,127] cannot find symbol
  symbol:   method getEmployee()
  location: variable voluntaryWork of type @javax.validation.Valid com.ian.web.employee.voluntary_workexperience.VoluntaryWork
[ERROR] /D:/projects/cdsi-projects/hrisp-web/src/main/java/com/ian/web/systemsettings/schools/SchoolController.java:[43,57] constructor UXMessage in class com.ian.web.common.model.UXMessage cannot be applied to given types;
  required: no arguments
  found: java.lang.String,java.lang.String
  reason: actual and formal argument lists differ in length
[ERROR] /D:/projects/cdsi-projects/hrisp-web/src/main/java/com/ian/web/systemsettings/schools/SchoolController.java:[47,42] cannot find symbol
  symbol:   method getId()
  location: variable school of type @javax.validation.Valid com.ian.web.systemsettings.schools.School
[ERROR] /D:/projects/cdsi-projects/hrisp-web/src/main/java/com/ian/web/systemsettings/schools/SchoolController.java:[48,78] cannot find symbol
  symbol:   method getId()
  location: variable school of type @javax.validation.Valid com.ian.web.systemsettings.schools.School
[ERROR] /D:/projects/cdsi-projects/hrisp-web/src/main/java/com/ian/web/systemsettings/schools/SchoolController.java:[49,53] cannot find symbol
  symbol:   method isActive()
  location: variable schoolModel of type com.ian.web.systemsettings.schools.School
[ERROR] /D:/projects/cdsi-projects/hrisp-web/src/main/java/com/ian/web/systemsettings/schools/SchoolController.java:[51,36] cannot find symbol
  symbol:   method getSchoolName()
  location: variable school of type @javax.validation.Valid com.ian.web.systemsettings.schools.School
[ERROR] /D:/projects/cdsi-projects/hrisp-web/src/main/java/com/ian/web/systemsettings/schools/SchoolController.java:[54,57] constructor UXMessage in class com.ian.web.common.model.UXMessage cannot be applied to given types;
  required: no arguments
  found: java.lang.String,java.lang.String
  reason: actual and formal argument lists differ in length
[ERROR] /D:/projects/cdsi-projects/hrisp-web/src/main/java/com/ian/web/systemsettings/schools/SchoolController.java:[62,41] cannot find symbol
  symbol:   method isActive()
  location: variable school of type com.ian.web.systemsettings.schools.School
[ERROR] /D:/projects/cdsi-projects/hrisp-web/src/main/java/com/ian/web/systemsettings/schools/SchoolController.java:[65,57] constructor UXMessage in class com.ian.web.common.model.UXMessage cannot be applied to given types;
  required: no arguments
  found: java.lang.String,java.lang.String
  reason: actual and formal argument lists differ in length
[ERROR] /D:/projects/cdsi-projects/hrisp-web/src/main/java/com/ian/web/employee/EmployeeController.java:[64,41] constructor FlexDatalistResult in class com.ian.web.employee.FlexDatalistResult cannot be applied to given types;
  required: no arguments
  found: java.util.Set<com.ian.web.employee.Employee>
  reason: actual and formal argument lists differ in length
[ERROR] /D:/projects/cdsi-projects/hrisp-web/src/main/java/com/ian/web/employee/EmployeeController.java:[97,28] cannot find symbol
  symbol:   method setCode(java.lang.String)
  location: variable msg of type com.ian.web.common.model.UXMessage
[ERROR] /D:/projects/cdsi-projects/hrisp-web/src/main/java/com/ian/web/employee/EmployeeController.java:[98,28] cannot find symbol
  symbol:   method setMessage(java.lang.String)
  location: variable msg of type com.ian.web.common.model.UXMessage
[ERROR] /D:/projects/cdsi-projects/hrisp-web/src/main/java/com/ian/web/employee/EmployeeController.java:[108,28] cannot find symbol
  symbol:   method setFamilyBgCount(int)
  location: variable pdsDtoCount of type com.ian.web.employee.PdsCountDto
[ERROR] /D:/projects/cdsi-projects/hrisp-web/src/main/java/com/ian/web/employee/EmployeeController.java:[109,28] cannot find symbol
  symbol:   method setEducationalBgCount(int)
  location: variable pdsDtoCount of type com.ian.web.employee.PdsCountDto
[ERROR] /D:/projects/cdsi-projects/hrisp-web/src/main/java/com/ian/web/employee/EmployeeController.java:[110,28] cannot find symbol
  symbol:   method setEligibilityCount(int)
  location: variable pdsDtoCount of type com.ian.web.employee.PdsCountDto
[ERROR] /D:/projects/cdsi-projects/hrisp-web/src/main/java/com/ian/web/employee/EmployeeController.java:[111,28] cannot find symbol
  symbol:   method setWorkExperienceCount(int)
  location: variable pdsDtoCount of type com.ian.web.employee.PdsCountDto
[ERROR] /D:/projects/cdsi-projects/hrisp-web/src/main/java/com/ian/web/employee/EmployeeController.java:[112,28] cannot find symbol
  symbol:   method setVoluntaryWorkCount(int)
  location: variable pdsDtoCount of type com.ian.web.employee.PdsCountDto
[ERROR] /D:/projects/cdsi-projects/hrisp-web/src/main/java/com/ian/web/employee/EmployeeController.java:[113,28] cannot find symbol
  symbol:   method setLearningDevCount(int)
  location: variable pdsDtoCount of type com.ian.web.employee.PdsCountDto
[ERROR] /D:/projects/cdsi-projects/hrisp-web/src/main/java/com/ian/web/employee/EmployeeController.java:[114,28] cannot find symbol
  symbol:   method setOtherInfoCount(int)
  location: variable pdsDtoCount of type com.ian.web.employee.PdsCountDto
[ERROR] /D:/projects/cdsi-projects/hrisp-web/src/main/java/com/ian/web/employee/EmployeeController.java:[115,28] cannot find symbol
  symbol:   method setOtherInfoQuestionsCount(int)
  location: variable pdsDtoCount of type com.ian.web.employee.PdsCountDto
[ERROR] /D:/projects/cdsi-projects/hrisp-web/src/main/java/com/ian/web/employee/EmployeeController.java:[116,28] cannot find symbol
  symbol:   method setReferencesCount(int)
  location: variable pdsDtoCount of type com.ian.web.employee.PdsCountDto
[ERROR] /D:/projects/cdsi-projects/hrisp-web/src/main/java/com/ian/web/employee/EmployeeController.java:[117,28] cannot find symbol
  symbol:   method setGovIdCount(int)
  location: variable pdsDtoCount of type com.ian.web.employee.PdsCountDto
[ERROR] /D:/projects/cdsi-projects/hrisp-web/src/main/java/com/ian/web/employee/EmployeeController.java:[119,25] cannot find symbol
  symbol:   method setPdsCountDto(com.ian.web.employee.PdsCountDto)
  location: variable employee of type com.ian.web.employee.Employee
[ERROR] /D:/projects/cdsi-projects/hrisp-web/src/main/java/com/ian/web/employee/EmployeeController.java:[120,25] cannot find symbol
  symbol:   method setShowMode(java.lang.String)
  location: variable employee of type com.ian.web.employee.Employee
[ERROR] /D:/projects/cdsi-projects/hrisp-web/src/main/java/com/ian/web/employee/EmployeeController.java:[142,25] cannot find symbol
  symbol:   method getId()
  location: variable employee of type @javax.validation.Valid com.ian.web.employee.Employee
[INFO] 100 errors 
[INFO] -------------------------------------------------------------
[INFO] ------------------------------------------------------------------------
[INFO] BUILD FAILURE
[INFO] ------------------------------------------------------------------------
[INFO] Total time:  5.560 s
[INFO] Finished at: 2025-07-26T01:53:42+08:00
[INFO] ------------------------------------------------------------------------
[ERROR] Failed to execute goal org.apache.maven.plugins:maven-compiler-plugin:3.8.1:compile (default-compile) on project hrisp: Compilation failure: Compilation failure: 
[ERROR] /D:/projects/cdsi-projects/hrisp-web/src/main/java/com/ian/web/employee/Employee.java:[48,8] com.ian.web.employee.Employee is not abstract and does not override abstract method getUsername() in org.springframework.security.core.userdetails.UserDetails
[ERROR] /D:/projects/cdsi-projects/hrisp-web/src/main/java/com/ian/web/systemsettings/scholarship/ScholarshipController.java:[42,57] constructor UXMessage in class com.ian.web.common.model.UXMessage cannot be applied to given types;
[ERROR]   required: no arguments
[ERROR]   found: java.lang.String,java.lang.String
[ERROR]   reason: actual and formal argument lists differ in length
[ERROR] /D:/projects/cdsi-projects/hrisp-web/src/main/java/com/ian/web/systemsettings/scholarship/ScholarshipController.java:[45,51] cannot find symbol
[ERROR]   symbol:   method getScholarshipName()
[ERROR]   location: variable scholarship of type @javax.validation.Valid com.ian.web.systemsettings.scholarship.Scholarship
[ERROR] /D:/projects/cdsi-projects/hrisp-web/src/main/java/com/ian/web/systemsettings/scholarship/ScholarshipController.java:[48,57] constructor UXMessage in class com.ian.web.common.model.UXMessage cannot be applied to given types;
[ERROR]   required: no arguments
[ERROR]   found: java.lang.String,java.lang.String
[ERROR]   reason: actual and formal argument lists differ in length
[ERROR] /D:/projects/cdsi-projects/hrisp-web/src/main/java/com/ian/web/employee/appointment/AppointmentController.java:[41,28] cannot find symbol
[ERROR]   symbol:   method setCode(java.lang.String)
[ERROR]   location: variable msg of type com.ian.web.common.model.UXMessage
[ERROR] /D:/projects/cdsi-projects/hrisp-web/src/main/java/com/ian/web/employee/appointment/AppointmentController.java:[42,28] cannot find symbol
[ERROR]   symbol:   method setMessage(java.lang.String)
[ERROR]   location: variable msg of type com.ian.web.common.model.UXMessage
[ERROR] /D:/projects/cdsi-projects/hrisp-web/src/main/java/com/ian/web/employee/appointment/AppointmentController.java:[51,28] cannot find symbol
[ERROR]   symbol:   method setEmployee(com.ian.web.employee.Employee)
[ERROR]   location: variable appointment of type com.ian.web.employee.appointment.Appointment
[ERROR] /D:/projects/cdsi-projects/hrisp-web/src/main/java/com/ian/web/fileupload/StorageController.java:[35,9] cannot find symbol
[ERROR]   symbol:   variable log
[ERROR]   location: class com.ian.web.fileupload.StorageController
[ERROR] /D:/projects/cdsi-projects/hrisp-web/src/main/java/com/ian/web/fileupload/StorageController.java:[40,49] cannot find symbol
[ERROR]   symbol:   method getId()
[ERROR]   location: variable employee of type com.ian.web.employee.Employee
[ERROR] /D:/projects/cdsi-projects/hrisp-web/src/main/java/com/ian/web/fileupload/StorageController.java:[42,41] cannot find symbol
[ERROR]   symbol:   method getDownloadUri()
[ERROR]   location: variable fileDTO of type com.ian.web.fileupload.FileDTO
[ERROR] /D:/projects/cdsi-projects/hrisp-web/src/main/java/com/ian/web/fileupload/StorageService.java:[24,9] cannot find symbol
[ERROR]   symbol:   variable log
[ERROR]   location: class com.ian.web.fileupload.StorageService
[ERROR] /D:/projects/cdsi-projects/hrisp-web/src/main/java/com/ian/web/fileupload/StorageService.java:[25,9] cannot find symbol
[ERROR]   symbol:   variable log
[ERROR]   location: class com.ian.web.fileupload.StorageService
[ERROR] /D:/projects/cdsi-projects/hrisp-web/src/main/java/com/ian/web/fileupload/StorageService.java:[27,16] constructor FileDTO in class com.ian.web.fileupload.FileDTO cannot be applied to given types;
[ERROR]   required: no arguments
[ERROR]   found: java.lang.String,java.lang.String,java.lang.String,long
[ERROR]   reason: actual and formal argument lists differ in length
[ERROR] /D:/projects/cdsi-projects/hrisp-web/src/main/java/com/ian/web/fileupload/StorageService.java:[37,9] cannot find symbol
[ERROR]   symbol:   variable log
[ERROR]   location: class com.ian.web.fileupload.StorageService
[ERROR] /D:/projects/cdsi-projects/hrisp-web/src/main/java/com/ian/web/fileupload/StorageService.java:[38,9] cannot find symbol
[ERROR]   symbol:   variable log
[ERROR]   location: class com.ian.web.fileupload.StorageService
[ERROR] /D:/projects/cdsi-projects/hrisp-web/src/main/java/com/ian/web/fileupload/StorageService.java:[40,16] constructor FileDTO in class com.ian.web.fileupload.FileDTO cannot be applied to given types;
[ERROR]   required: no arguments
[ERROR]   found: java.lang.String,java.lang.String,java.lang.String,long
[ERROR]   reason: actual and formal argument lists differ in length
[ERROR] /D:/projects/cdsi-projects/hrisp-web/src/main/java/com/ian/web/fileupload/StorageFactory.java:[26,9] cannot find symbol
[ERROR]   symbol:   variable log
[ERROR]   location: class com.ian.web.fileupload.StorageFactory
[ERROR] /D:/projects/cdsi-projects/hrisp-web/src/main/java/com/ian/web/fileupload/FileStorageStrategy.java:[42,17] cannot find symbol
[ERROR]   symbol:   variable log
[ERROR]   location: class com.ian.web.fileupload.FileStorageStrategy
[ERROR] /D:/projects/cdsi-projects/hrisp-web/src/main/java/com/ian/web/fileupload/FileStorageStrategy.java:[65,17] cannot find symbol
[ERROR]   symbol:   variable log
[ERROR]   location: class com.ian.web.fileupload.FileStorageStrategy
[ERROR] /D:/projects/cdsi-projects/hrisp-web/src/main/java/com/ian/web/fileupload/FileStorageStrategy.java:[92,9] cannot find symbol
[ERROR]   symbol:   variable log
[ERROR]   location: class com.ian.web.fileupload.FileStorageStrategy
[ERROR] /D:/projects/cdsi-projects/hrisp-web/src/main/java/com/ian/web/fileupload/FileStorageStrategy.java:[105,13] cannot find symbol
[ERROR]   symbol:   variable log
[ERROR]   location: class com.ian.web.fileupload.FileStorageStrategy
[ERROR] /D:/projects/cdsi-projects/hrisp-web/src/main/java/com/ian/web/employee/govermentid/GovermentIssuedIdController.java:[64,36] cannot find symbol
[ERROR]   symbol:   method setFamilyBgCount(int)
[ERROR]   location: variable pdsDtoCount of type com.ian.web.employee.PdsCountDto
[ERROR] /D:/projects/cdsi-projects/hrisp-web/src/main/java/com/ian/web/employee/govermentid/GovermentIssuedIdController.java:[65,36] cannot find symbol
[ERROR]   symbol:   method setEducationalBgCount(int)
[ERROR]   location: variable pdsDtoCount of type com.ian.web.employee.PdsCountDto
[ERROR] /D:/projects/cdsi-projects/hrisp-web/src/main/java/com/ian/web/employee/govermentid/GovermentIssuedIdController.java:[66,36] cannot find symbol
[ERROR]   symbol:   method setEligibilityCount(int)
[ERROR]   location: variable pdsDtoCount of type com.ian.web.employee.PdsCountDto
[ERROR] /D:/projects/cdsi-projects/hrisp-web/src/main/java/com/ian/web/employee/govermentid/GovermentIssuedIdController.java:[67,36] cannot find symbol
[ERROR]   symbol:   method setWorkExperienceCount(int)
[ERROR]   location: variable pdsDtoCount of type com.ian.web.employee.PdsCountDto
[ERROR] /D:/projects/cdsi-projects/hrisp-web/src/main/java/com/ian/web/employee/govermentid/GovermentIssuedIdController.java:[68,36] cannot find symbol
[ERROR]   symbol:   method setVoluntaryWorkCount(int)
[ERROR]   location: variable pdsDtoCount of type com.ian.web.employee.PdsCountDto
[ERROR] /D:/projects/cdsi-projects/hrisp-web/src/main/java/com/ian/web/employee/govermentid/GovermentIssuedIdController.java:[69,36] cannot find symbol
[ERROR]   symbol:   method setLearningDevCount(int)
[ERROR]   location: variable pdsDtoCount of type com.ian.web.employee.PdsCountDto
[ERROR] /D:/projects/cdsi-projects/hrisp-web/src/main/java/com/ian/web/employee/govermentid/GovermentIssuedIdController.java:[70,36] cannot find symbol
[ERROR]   symbol:   method setOtherInfoCount(int)
[ERROR]   location: variable pdsDtoCount of type com.ian.web.employee.PdsCountDto
[ERROR] /D:/projects/cdsi-projects/hrisp-web/src/main/java/com/ian/web/employee/govermentid/GovermentIssuedIdController.java:[71,36] cannot find symbol
[ERROR]   symbol:   method setOtherInfoQuestionsCount(int)
[ERROR]   location: variable pdsDtoCount of type com.ian.web.employee.PdsCountDto
[ERROR] /D:/projects/cdsi-projects/hrisp-web/src/main/java/com/ian/web/employee/govermentid/GovermentIssuedIdController.java:[72,36] cannot find symbol
[ERROR]   symbol:   method setReferencesCount(int)
[ERROR]   location: variable pdsDtoCount of type com.ian.web.employee.PdsCountDto
[ERROR] /D:/projects/cdsi-projects/hrisp-web/src/main/java/com/ian/web/employee/govermentid/GovermentIssuedIdController.java:[73,36] cannot find symbol
[ERROR]   symbol:   method setGovIdCount(int)
[ERROR]   location: variable pdsDtoCount of type com.ian.web.employee.PdsCountDto
[ERROR] /D:/projects/cdsi-projects/hrisp-web/src/main/java/com/ian/web/employee/govermentid/GovermentIssuedIdController.java:[75,33] cannot find symbol
[ERROR]   symbol:   method setPdsCountDto(com.ian.web.employee.PdsCountDto)
[ERROR]   location: variable employee of type com.ian.web.employee.Employee
[ERROR] /D:/projects/cdsi-projects/hrisp-web/src/main/java/com/ian/web/employee/govermentid/GovermentIssuedIdController.java:[76,33] cannot find symbol
[ERROR]   symbol:   method setShowMode(java.lang.String)
[ERROR]   location: variable employee of type com.ian.web.employee.Employee
[ERROR] /D:/projects/cdsi-projects/hrisp-web/src/main/java/com/ian/web/employee/govermentid/GovermentIssuedIdController.java:[84,42] cannot find symbol
[ERROR]   symbol:   method setEmployee(com.ian.web.employee.Employee)
[ERROR]   location: variable govermentIssuedId of type com.ian.web.employee.govermentid.GovermentIssuedId
[ERROR] /D:/projects/cdsi-projects/hrisp-web/src/main/java/com/ian/web/employee/govermentid/GovermentIssuedIdController.java:[85,42] cannot find symbol
[ERROR]   symbol:   method setShowMode(java.lang.String)
[ERROR]   location: variable govermentIssuedId of type com.ian.web.employee.govermentid.GovermentIssuedId
[ERROR] /D:/projects/cdsi-projects/hrisp-web/src/main/java/com/ian/web/employee/govermentid/GovermentIssuedIdController.java:[89,28] cannot find symbol
[ERROR]   symbol:   method setCode(java.lang.String)
[ERROR]   location: variable msg of type com.ian.web.common.model.UXMessage
[ERROR] /D:/projects/cdsi-projects/hrisp-web/src/main/java/com/ian/web/employee/govermentid/GovermentIssuedIdController.java:[90,28] cannot find symbol
[ERROR]   symbol:   method setMessage(java.lang.String)
[ERROR]   location: variable msg of type com.ian.web.common.model.UXMessage
[ERROR] /D:/projects/cdsi-projects/hrisp-web/src/main/java/com/ian/web/employee/govermentid/GovermentIssuedIdController.java:[109,51] constructor UXMessage in class com.ian.web.common.model.UXMessage cannot be applied to given types;
[ERROR]   required: no arguments
[ERROR]   found: java.lang.String,java.lang.String
[ERROR]   reason: actual and formal argument lists differ in length
[ERROR] /D:/projects/cdsi-projects/hrisp-web/src/main/java/com/ian/web/employee/govermentid/GovermentIssuedIdController.java:[110,126] cannot find symbol
[ERROR]   symbol:   method getEmployee()
[ERROR]   location: variable govermentIssuedId of type @javax.validation.Valid com.ian.web.employee.govermentid.GovermentIssuedId
[ERROR] /D:/projects/cdsi-projects/hrisp-web/src/main/java/com/ian/web/employee/govermentid/GovermentIssuedIdController.java:[114,52] cannot find symbol
[ERROR]   symbol:   method getShowMode()
[ERROR]   location: variable govermentIssuedId of type @javax.validation.Valid com.ian.web.employee.govermentid.GovermentIssuedId
[ERROR] /D:/projects/cdsi-projects/hrisp-web/src/main/java/com/ian/web/employee/govermentid/GovermentIssuedIdController.java:[117,51] constructor UXMessage in class com.ian.web.common.model.UXMessage cannot be applied to given types;
[ERROR]   required: no arguments
[ERROR]   found: java.lang.String,java.lang.String
[ERROR]   reason: actual and formal argument lists differ in length
[ERROR] /D:/projects/cdsi-projects/hrisp-web/src/main/java/com/ian/web/employee/govermentid/GovermentIssuedIdController.java:[118,77] cannot find symbol
[ERROR]   symbol:   method getEmployee()
[ERROR]   location: variable govermentIssuedId of type @javax.validation.Valid com.ian.web.employee.govermentid.GovermentIssuedId
[ERROR] /D:/projects/cdsi-projects/hrisp-web/src/main/java/com/ian/web/employee/govermentid/GovermentIssuedIdController.java:[118,134] cannot find symbol
[ERROR]   symbol:   method getEmployee()
[ERROR]   location: variable govermentIssuedId of type @javax.validation.Valid com.ian.web.employee.govermentid.GovermentIssuedId
[ERROR] /D:/projects/cdsi-projects/hrisp-web/src/main/java/com/ian/web/systemsettings/degree_courses/DegreeCoursesController.java:[46,57] constructor UXMessage in class com.ian.web.common.model.UXMessage cannot be applied to given types;
[ERROR]   required: no arguments
[ERROR]   found: java.lang.String,java.lang.String
[ERROR]   reason: actual and formal argument lists differ in length
[ERROR] /D:/projects/cdsi-projects/hrisp-web/src/main/java/com/ian/web/systemsettings/degree_courses/DegreeCoursesController.java:[50,49] cannot find symbol
[ERROR]   symbol:   method getId()
[ERROR]   location: variable degreeCourses of type @javax.validation.Valid com.ian.web.systemsettings.degree_courses.DegreeCourses
[ERROR] /D:/projects/cdsi-projects/hrisp-web/src/main/java/com/ian/web/systemsettings/degree_courses/DegreeCoursesController.java:[51,106] cannot find symbol
[ERROR]   symbol:   method getId()
[ERROR]   location: variable degreeCourses of type @javax.validation.Valid com.ian.web.systemsettings.degree_courses.DegreeCourses
[ERROR] /D:/projects/cdsi-projects/hrisp-web/src/main/java/com/ian/web/systemsettings/degree_courses/DegreeCoursesController.java:[52,70] cannot find symbol
[ERROR]   symbol:   method isLawDegree()
[ERROR]   location: variable degreeCoursesModel of type com.ian.web.systemsettings.degree_courses.DegreeCourses
[ERROR] /D:/projects/cdsi-projects/hrisp-web/src/main/java/com/ian/web/systemsettings/degree_courses/DegreeCoursesController.java:[53,67] cannot find symbol
[ERROR]   symbol:   method isActive()
[ERROR]   location: variable degreeCoursesModel of type com.ian.web.systemsettings.degree_courses.DegreeCourses
[ERROR] /D:/projects/cdsi-projects/hrisp-web/src/main/java/com/ian/web/systemsettings/degree_courses/DegreeCoursesController.java:[55,64] cannot find symbol
[ERROR]   symbol:   method getDegreeCourseName()
[ERROR]   location: variable degreeCourses of type @javax.validation.Valid com.ian.web.systemsettings.degree_courses.DegreeCourses
[ERROR] /D:/projects/cdsi-projects/hrisp-web/src/main/java/com/ian/web/systemsettings/degree_courses/DegreeCoursesController.java:[56,60] cannot find symbol
[ERROR]   symbol:   method getAbbreviation()
[ERROR]   location: variable degreeCourses of type @javax.validation.Valid com.ian.web.systemsettings.degree_courses.DegreeCourses
[ERROR] /D:/projects/cdsi-projects/hrisp-web/src/main/java/com/ian/web/systemsettings/degree_courses/DegreeCoursesController.java:[59,57] constructor UXMessage in class com.ian.web.common.model.UXMessage cannot be applied to given types;
[ERROR]   required: no arguments
[ERROR]   found: java.lang.String,java.lang.String
[ERROR]   reason: actual and formal argument lists differ in length
[ERROR] /D:/projects/cdsi-projects/hrisp-web/src/main/java/com/ian/web/systemsettings/degree_courses/DegreeCoursesController.java:[68,63] cannot find symbol
[ERROR]   symbol:   method isActive()
[ERROR]   location: variable degreeCourses of type com.ian.web.systemsettings.degree_courses.DegreeCourses
[ERROR] /D:/projects/cdsi-projects/hrisp-web/src/main/java/com/ian/web/systemsettings/degree_courses/DegreeCoursesController.java:[69,65] cannot find symbol
[ERROR]   symbol:   method isLawDegree()
[ERROR]   location: variable degreeCourses of type com.ian.web.systemsettings.degree_courses.DegreeCourses
[ERROR] /D:/projects/cdsi-projects/hrisp-web/src/main/java/com/ian/web/systemsettings/degree_courses/DegreeCoursesController.java:[72,57] constructor UXMessage in class com.ian.web.common.model.UXMessage cannot be applied to given types;
[ERROR]   required: no arguments
[ERROR]   found: java.lang.String,java.lang.String
[ERROR]   reason: actual and formal argument lists differ in length
[ERROR] /D:/projects/cdsi-projects/hrisp-web/src/main/java/com/ian/web/employee/voluntary_workexperience/VoluntaryWorkController.java:[62,36] cannot find symbol
[ERROR]   symbol:   method setFamilyBgCount(int)
[ERROR]   location: variable pdsDtoCount of type com.ian.web.employee.PdsCountDto
[ERROR] /D:/projects/cdsi-projects/hrisp-web/src/main/java/com/ian/web/employee/voluntary_workexperience/VoluntaryWorkController.java:[63,36] cannot find symbol
[ERROR]   symbol:   method setEducationalBgCount(int)
[ERROR]   location: variable pdsDtoCount of type com.ian.web.employee.PdsCountDto
[ERROR] /D:/projects/cdsi-projects/hrisp-web/src/main/java/com/ian/web/employee/voluntary_workexperience/VoluntaryWorkController.java:[64,36] cannot find symbol
[ERROR]   symbol:   method setEligibilityCount(int)
[ERROR]   location: variable pdsDtoCount of type com.ian.web.employee.PdsCountDto
[ERROR] /D:/projects/cdsi-projects/hrisp-web/src/main/java/com/ian/web/employee/voluntary_workexperience/VoluntaryWorkController.java:[65,36] cannot find symbol
[ERROR]   symbol:   method setWorkExperienceCount(int)
[ERROR]   location: variable pdsDtoCount of type com.ian.web.employee.PdsCountDto
[ERROR] /D:/projects/cdsi-projects/hrisp-web/src/main/java/com/ian/web/employee/voluntary_workexperience/VoluntaryWorkController.java:[66,36] cannot find symbol
[ERROR]   symbol:   method setVoluntaryWorkCount(int)
[ERROR]   location: variable pdsDtoCount of type com.ian.web.employee.PdsCountDto
[ERROR] /D:/projects/cdsi-projects/hrisp-web/src/main/java/com/ian/web/employee/voluntary_workexperience/VoluntaryWorkController.java:[67,36] cannot find symbol
[ERROR]   symbol:   method setLearningDevCount(int)
[ERROR]   location: variable pdsDtoCount of type com.ian.web.employee.PdsCountDto
[ERROR] /D:/projects/cdsi-projects/hrisp-web/src/main/java/com/ian/web/employee/voluntary_workexperience/VoluntaryWorkController.java:[68,36] cannot find symbol
[ERROR]   symbol:   method setOtherInfoCount(int)
[ERROR]   location: variable pdsDtoCount of type com.ian.web.employee.PdsCountDto
[ERROR] /D:/projects/cdsi-projects/hrisp-web/src/main/java/com/ian/web/employee/voluntary_workexperience/VoluntaryWorkController.java:[69,36] cannot find symbol
[ERROR]   symbol:   method setOtherInfoQuestionsCount(int)
[ERROR]   location: variable pdsDtoCount of type com.ian.web.employee.PdsCountDto
[ERROR] /D:/projects/cdsi-projects/hrisp-web/src/main/java/com/ian/web/employee/voluntary_workexperience/VoluntaryWorkController.java:[70,36] cannot find symbol
[ERROR]   symbol:   method setReferencesCount(int)
[ERROR]   location: variable pdsDtoCount of type com.ian.web.employee.PdsCountDto
[ERROR] /D:/projects/cdsi-projects/hrisp-web/src/main/java/com/ian/web/employee/voluntary_workexperience/VoluntaryWorkController.java:[71,36] cannot find symbol
[ERROR]   symbol:   method setGovIdCount(int)
[ERROR]   location: variable pdsDtoCount of type com.ian.web.employee.PdsCountDto
[ERROR] /D:/projects/cdsi-projects/hrisp-web/src/main/java/com/ian/web/employee/voluntary_workexperience/VoluntaryWorkController.java:[73,33] cannot find symbol
[ERROR]   symbol:   method setPdsCountDto(com.ian.web.employee.PdsCountDto)
[ERROR]   location: variable employee of type com.ian.web.employee.Employee
[ERROR] /D:/projects/cdsi-projects/hrisp-web/src/main/java/com/ian/web/employee/voluntary_workexperience/VoluntaryWorkController.java:[74,33] cannot find symbol
[ERROR]   symbol:   method setShowMode(java.lang.String)
[ERROR]   location: variable employee of type com.ian.web.employee.Employee
[ERROR] /D:/projects/cdsi-projects/hrisp-web/src/main/java/com/ian/web/employee/voluntary_workexperience/VoluntaryWorkController.java:[82,38] cannot find symbol
[ERROR]   symbol:   method setEmployee(com.ian.web.employee.Employee)
[ERROR]   location: variable voluntaryWork of type com.ian.web.employee.voluntary_workexperience.VoluntaryWork
[ERROR] /D:/projects/cdsi-projects/hrisp-web/src/main/java/com/ian/web/employee/voluntary_workexperience/VoluntaryWorkController.java:[83,38] cannot find symbol
[ERROR]   symbol:   method setShowMode(java.lang.String)
[ERROR]   location: variable voluntaryWork of type com.ian.web.employee.voluntary_workexperience.VoluntaryWork
[ERROR] /D:/projects/cdsi-projects/hrisp-web/src/main/java/com/ian/web/employee/voluntary_workexperience/VoluntaryWorkController.java:[87,28] cannot find symbol
[ERROR]   symbol:   method setCode(java.lang.String)
[ERROR]   location: variable msg of type com.ian.web.common.model.UXMessage
[ERROR] /D:/projects/cdsi-projects/hrisp-web/src/main/java/com/ian/web/employee/voluntary_workexperience/VoluntaryWorkController.java:[88,28] cannot find symbol
[ERROR]   symbol:   method setMessage(java.lang.String)
[ERROR]   location: variable msg of type com.ian.web.common.model.UXMessage
[ERROR] /D:/projects/cdsi-projects/hrisp-web/src/main/java/com/ian/web/employee/voluntary_workexperience/VoluntaryWorkController.java:[106,51] constructor UXMessage in class com.ian.web.common.model.UXMessage cannot be applied to given types;
[ERROR]   required: no arguments
[ERROR]   found: java.lang.String,java.lang.String
[ERROR]   reason: actual and formal argument lists differ in length
[ERROR] /D:/projects/cdsi-projects/hrisp-web/src/main/java/com/ian/web/employee/voluntary_workexperience/VoluntaryWorkController.java:[107,119] cannot find symbol
[ERROR]   symbol:   method getEmployee()
[ERROR]   location: variable voluntaryWork of type @javax.validation.Valid com.ian.web.employee.voluntary_workexperience.VoluntaryWork
[ERROR] /D:/projects/cdsi-projects/hrisp-web/src/main/java/com/ian/web/employee/voluntary_workexperience/VoluntaryWorkController.java:[111,48] cannot find symbol
[ERROR]   symbol:   method getShowMode()
[ERROR]   location: variable voluntaryWork of type @javax.validation.Valid com.ian.web.employee.voluntary_workexperience.VoluntaryWork
[ERROR] /D:/projects/cdsi-projects/hrisp-web/src/main/java/com/ian/web/employee/voluntary_workexperience/VoluntaryWorkController.java:[114,51] constructor UXMessage in class com.ian.web.common.model.UXMessage cannot be applied to given types;
[ERROR]   required: no arguments
[ERROR]   found: java.lang.String,java.lang.String
[ERROR]   reason: actual and formal argument lists differ in length
[ERROR] /D:/projects/cdsi-projects/hrisp-web/src/main/java/com/ian/web/employee/voluntary_workexperience/VoluntaryWorkController.java:[115,74] cannot find symbol
[ERROR]   symbol:   method getEmployee()
[ERROR]   location: variable voluntaryWork of type @javax.validation.Valid com.ian.web.employee.voluntary_workexperience.VoluntaryWork
[ERROR] /D:/projects/cdsi-projects/hrisp-web/src/main/java/com/ian/web/employee/voluntary_workexperience/VoluntaryWorkController.java:[115,127] cannot find symbol
[ERROR]   symbol:   method getEmployee()
[ERROR]   location: variable voluntaryWork of type @javax.validation.Valid com.ian.web.employee.voluntary_workexperience.VoluntaryWork
[ERROR] /D:/projects/cdsi-projects/hrisp-web/src/main/java/com/ian/web/systemsettings/schools/SchoolController.java:[43,57] constructor UXMessage in class com.ian.web.common.model.UXMessage cannot be applied to given types;
[ERROR]   required: no arguments
[ERROR]   found: java.lang.String,java.lang.String
[ERROR]   reason: actual and formal argument lists differ in length
[ERROR] /D:/projects/cdsi-projects/hrisp-web/src/main/java/com/ian/web/systemsettings/schools/SchoolController.java:[47,42] cannot find symbol
[ERROR]   symbol:   method getId()
[ERROR]   location: variable school of type @javax.validation.Valid com.ian.web.systemsettings.schools.School
[ERROR] /D:/projects/cdsi-projects/hrisp-web/src/main/java/com/ian/web/systemsettings/schools/SchoolController.java:[48,78] cannot find symbol
[ERROR]   symbol:   method getId()
[ERROR]   location: variable school of type @javax.validation.Valid com.ian.web.systemsettings.schools.School
[ERROR] /D:/projects/cdsi-projects/hrisp-web/src/main/java/com/ian/web/systemsettings/schools/SchoolController.java:[49,53] cannot find symbol
[ERROR]   symbol:   method isActive()
[ERROR]   location: variable schoolModel of type com.ian.web.systemsettings.schools.School
[ERROR] /D:/projects/cdsi-projects/hrisp-web/src/main/java/com/ian/web/systemsettings/schools/SchoolController.java:[51,36] cannot find symbol
[ERROR]   symbol:   method getSchoolName()
[ERROR]   location: variable school of type @javax.validation.Valid com.ian.web.systemsettings.schools.School
[ERROR] /D:/projects/cdsi-projects/hrisp-web/src/main/java/com/ian/web/systemsettings/schools/SchoolController.java:[54,57] constructor UXMessage in class com.ian.web.common.model.UXMessage cannot be applied to given types;
[ERROR]   required: no arguments
[ERROR]   found: java.lang.String,java.lang.String
[ERROR]   reason: actual and formal argument lists differ in length
[ERROR] /D:/projects/cdsi-projects/hrisp-web/src/main/java/com/ian/web/systemsettings/schools/SchoolController.java:[62,41] cannot find symbol
[ERROR]   symbol:   method isActive()
[ERROR]   location: variable school of type com.ian.web.systemsettings.schools.School
[ERROR] /D:/projects/cdsi-projects/hrisp-web/src/main/java/com/ian/web/systemsettings/schools/SchoolController.java:[65,57] constructor UXMessage in class com.ian.web.common.model.UXMessage cannot be applied to given types;
[ERROR]   required: no arguments
[ERROR]   found: java.lang.String,java.lang.String
[ERROR]   reason: actual and formal argument lists differ in length
[ERROR] /D:/projects/cdsi-projects/hrisp-web/src/main/java/com/ian/web/employee/EmployeeController.java:[64,41] constructor FlexDatalistResult in class com.ian.web.employee.FlexDatalistResult cannot be applied to given types;
[ERROR]   required: no arguments
[ERROR]   found: java.util.Set<com.ian.web.employee.Employee>
[ERROR]   reason: actual and formal argument lists differ in length
[ERROR] /D:/projects/cdsi-projects/hrisp-web/src/main/java/com/ian/web/employee/EmployeeController.java:[97,28] cannot find symbol
[ERROR]   symbol:   method setCode(java.lang.String)
[ERROR]   location: variable msg of type com.ian.web.common.model.UXMessage
[ERROR] /D:/projects/cdsi-projects/hrisp-web/src/main/java/com/ian/web/employee/EmployeeController.java:[98,28] cannot find symbol
[ERROR]   symbol:   method setMessage(java.lang.String)
[ERROR]   location: variable msg of type com.ian.web.common.model.UXMessage
[ERROR] /D:/projects/cdsi-projects/hrisp-web/src/main/java/com/ian/web/employee/EmployeeController.java:[108,28] cannot find symbol
[ERROR]   symbol:   method setFamilyBgCount(int)
[ERROR]   location: variable pdsDtoCount of type com.ian.web.employee.PdsCountDto
[ERROR] /D:/projects/cdsi-projects/hrisp-web/src/main/java/com/ian/web/employee/EmployeeController.java:[109,28] cannot find symbol
[ERROR]   symbol:   method setEducationalBgCount(int)
[ERROR]   location: variable pdsDtoCount of type com.ian.web.employee.PdsCountDto
[ERROR] /D:/projects/cdsi-projects/hrisp-web/src/main/java/com/ian/web/employee/EmployeeController.java:[110,28] cannot find symbol
[ERROR]   symbol:   method setEligibilityCount(int)
[ERROR]   location: variable pdsDtoCount of type com.ian.web.employee.PdsCountDto
[ERROR] /D:/projects/cdsi-projects/hrisp-web/src/main/java/com/ian/web/employee/EmployeeController.java:[111,28] cannot find symbol
[ERROR]   symbol:   method setWorkExperienceCount(int)
[ERROR]   location: variable pdsDtoCount of type com.ian.web.employee.PdsCountDto
[ERROR] /D:/projects/cdsi-projects/hrisp-web/src/main/java/com/ian/web/employee/EmployeeController.java:[112,28] cannot find symbol
[ERROR]   symbol:   method setVoluntaryWorkCount(int)
[ERROR]   location: variable pdsDtoCount of type com.ian.web.employee.PdsCountDto
[ERROR] /D:/projects/cdsi-projects/hrisp-web/src/main/java/com/ian/web/employee/EmployeeController.java:[113,28] cannot find symbol
[ERROR]   symbol:   method setLearningDevCount(int)
[ERROR]   location: variable pdsDtoCount of type com.ian.web.employee.PdsCountDto
[ERROR] /D:/projects/cdsi-projects/hrisp-web/src/main/java/com/ian/web/employee/EmployeeController.java:[114,28] cannot find symbol
[ERROR]   symbol:   method setOtherInfoCount(int)
[ERROR]   location: variable pdsDtoCount of type com.ian.web.employee.PdsCountDto
[ERROR] /D:/projects/cdsi-projects/hrisp-web/src/main/java/com/ian/web/employee/EmployeeController.java:[115,28] cannot find symbol
[ERROR]   symbol:   method setOtherInfoQuestionsCount(int)
[ERROR]   location: variable pdsDtoCount of type com.ian.web.employee.PdsCountDto
[ERROR] /D:/projects/cdsi-projects/hrisp-web/src/main/java/com/ian/web/employee/EmployeeController.java:[116,28] cannot find symbol
[ERROR]   symbol:   method setReferencesCount(int)
[ERROR]   location: variable pdsDtoCount of type com.ian.web.employee.PdsCountDto
[ERROR] /D:/projects/cdsi-projects/hrisp-web/src/main/java/com/ian/web/employee/EmployeeController.java:[117,28] cannot find symbol
[ERROR]   symbol:   method setGovIdCount(int)
[ERROR]   location: variable pdsDtoCount of type com.ian.web.employee.PdsCountDto
[ERROR] /D:/projects/cdsi-projects/hrisp-web/src/main/java/com/ian/web/employee/EmployeeController.java:[119,25] cannot find symbol
[ERROR]   symbol:   method setPdsCountDto(com.ian.web.employee.PdsCountDto)
[ERROR]   location: variable employee of type com.ian.web.employee.Employee
[ERROR] /D:/projects/cdsi-projects/hrisp-web/src/main/java/com/ian/web/employee/EmployeeController.java:[120,25] cannot find symbol
[ERROR]   symbol:   method setShowMode(java.lang.String)
[ERROR]   location: variable employee of type com.ian.web.employee.Employee
[ERROR] /D:/projects/cdsi-projects/hrisp-web/src/main/java/com/ian/web/employee/EmployeeController.java:[142,25] cannot find symbol
[ERROR]   symbol:   method getId()
[ERROR]   location: variable employee of type @javax.validation.Valid com.ian.web.employee.Employee
[ERROR] -> [Help 1]
[ERROR] 
[ERROR] To see the full stack trace of the errors, re-run Maven with the -e switch.
[ERROR] Re-run Maven using the -X switch to enable full debug logging.
[ERROR] 
[ERROR] For more information about the errors and possible solutions, please read the following articles:
[ERROR] [Help 1] http://cwiki.apache.org/confluence/display/MAVEN/MojoFailureException
